[debug] [2026-04-23T12:24:27.436Z] : 
[debug] [2026-04-23T12:24:27.439Z] : ----------------------------------------------------------------------
[debug] [2026-04-23T12:24:27.440Z] : Command:      C:\nvm4w\nodejs\node.exe C:\nvm4w\nodejs\node_modules\zcatalyst-cli\lib\bin\catalyst.js serve
[debug] [2026-04-23T12:24:27.440Z] : CLI Version:  1.23.0
[debug] [2026-04-23T12:24:27.441Z] : Platform:     win32
[debug] [2026-04-23T12:24:27.441Z] : Node Version: v20.20.0
[debug] [2026-04-23T12:24:27.441Z] : Time:         Thu Apr 23 2026 17:54:27 GMT+0530 (India Standard Time)
[debug] [2026-04-23T12:24:27.441Z] : ----------------------------------------------------------------------
[debug] [2026-04-23T12:24:27.442Z] : 
[debug] [2026-04-23T12:24:28.881Z] : > authorizing via signed-in user option
[debug] [2026-04-23T12:24:28.882Z] : > command requires scopes: ["ZohoCatalyst.projects.ALL","ZohoCatalyst.apigateway.apis.READ","ZohoCatalyst.apigateway.READ","ZohoCatalyst.segments.ALL","ZohoCatalyst.cache.READ","ZohoCatalyst.cache.CREATE","ZohoCatalyst.cache.DELETE","ZohoCatalyst.projects.ALL","ZohoCatalyst.cron.ALL","ZohoCatalyst.zcql.CREATE","ZohoCatalyst.projects.users.READ","ZohoCatalyst.projects.users.CREATE","ZohoCatalyst.projects.users.DELETE","ZohoCatalyst.projects.users.UPDATE","ZohoCatalyst.authentication.CREATE","ZohoCatalyst.email.CREATE","ZohoCatalyst.tables.ALL","ZohoCatalyst.tables.rows.ALL","ZohoCatalyst.tables.columns.ALL","ZohoCatalyst.tables.bulk.CREATE","ZohoCatalyst.tables.bulk.READ","ZohoCatalyst.folders.ALL","ZohoCatalyst.files.CREATE","ZohoCatalyst.files.READ","ZohoCatalyst.files.DELETE","ZohoCatalyst.functions.ALL","ZohoCatalyst.functions.EXECUTE","ZohoCatalyst.eventlistners.ALL","ZohoCatalyst.eventlisteners.produce","ZohoCatalyst.security.rules.Read","ZohoCatalyst.security.rules.Update","ZohoCatalyst.notifications.mobile","ZohoCatalyst.notifications.web","ZohoCatalyst.search.READ","ZohoCatalyst.mlkit.READ","QuickML.deployment.READ","ZohoCatalyst.pdfshot.execute","ZohoCatalyst.circuits.execution.DELETE","ZohoCatalyst.circuits.execution.READ","ZohoCatalyst.circuits.execute","ZohoCatalyst.appsail.Read","ZohoCatalyst.jobpool.READ","ZohoCatalyst.job.ALL","ZohoCatalyst.nosql.READ","ZohoCatalyst.nosql.rows.ALL"]
[debug] [2026-04-23T12:24:28.910Z] : >>>> HTTP REQUEST : GET https://api.catalyst.zoho.in/baas/v1/project/37109000000012090 

[debug] [2026-04-23T12:24:29.112Z] : <<<< HTTP RESPONSE : 200
Response Headers: {"server":"ZGS","date":"Thu, 23 Apr 2026 12:24:43 GMT","content-type":"application/vnd.catalyst.v2+json","transfer-encoding":"chunked","connection":"keep-alive","x-content-type-options":"nosniff","cache-control":"private,no-cache,no-store,max-age=0,must-revalidate","pragma":"no-cache","expires":"Thu, 01 Jan 1970 00:00:00 GMT","x-frame-options":"DENY","strict-transport-security":"max-age=64072000; includeSubDomains; preload"}

[debug] [2026-04-23T12:24:29.119Z] : >>>> HTTP REQUEST : GET https://api.catalyst.zoho.in/baas/v1/project/37109000000012090/environment 

[debug] [2026-04-23T12:24:29.168Z] : <<<< HTTP RESPONSE : 200
Response Headers: {"server":"ZGS","date":"Thu, 23 Apr 2026 12:24:43 GMT","content-type":"application/vnd.catalyst.v2+json","transfer-encoding":"chunked","connection":"keep-alive","x-content-type-options":"nosniff","cache-control":"private,no-cache,no-store,max-age=0,must-revalidate","pragma":"no-cache","expires":"Thu, 01 Jan 1970 00:00:00 GMT","x-frame-options":"DENY","strict-transport-security":"max-age=64072000; includeSubDomains; preload"}

[debug] [2026-04-23T12:24:29.400Z] : http port : '3000' is not available. Hence port '3001' will be used instead.
[debug] [2026-04-23T12:24:29.423Z] : No basic functions to add
[info] [2026-04-23T12:24:29.495Z] : Skipping API Gateway rules
[info] [2026-04-23T12:24:29.612Z] : 
[info] [2026-04-23T12:24:29.613Z] :  >>>>>>>>>>>>>> AppSail <<<<<<<<<<<<<< 
[info] [2026-04-23T12:24:29.614Z] : i VedicLMS: http://localhost:3001
[info] [2026-04-23T12:24:29.615Z] : 
[info] [2026-04-23T12:24:58.964Z] : [1776947098960]  Appsail[VedicLMS]  "GET"  "/login"
[info] [2026-04-23T12:24:59.341Z] : [1776947099330]  Appsail[VedicLMS]  "GET"  "/default-ui.css"
[info] [2026-04-23T12:25:02.803Z] : [1776947102801]  Appsail[VedicLMS]  "GET"  "/oauth2/authorization/google"
[info] [2026-04-23T12:25:08.291Z] : [1776947108291]  Appsail[VedicLMS]  "GET"  "/login/oauth2/code/google?state=fPTdkaBAW1GRGP0UmVX1FMA49FKKv-xfeWgxuA8bU-c%3D&iss=https%3A%2F%2Faccounts.google.com&code=4%2F0Aci98E8DVEabjJh6QbT0mWkWtpuI6VPbz0TV7Bp69BH-0Fou6caLOvngA_42ob0p7JnbqQ&scope=email+profile+https%3A%2F%2Fwww.googleapis.com%2Fauth%2Fuserinfo.email+https%3A%2F%2Fwww.googleapis.com%2Fauth%2Fuserinfo.profile+openid&authuser=0&prompt=none"
[info] [2026-04-23T12:25:09.717Z] : [1776947109716]  Appsail[VedicLMS]  "GET"  "/dashboard"
